[02:56:34] INICIANDO ROBÔ SIPII v5 - GITHUB EDITION
[02:56:43] [PF] Abrindo site...
[02:57:01]   [PF] RENDA FIXA SIMPLES: 3 fundos.
[02:57:14]   [PF] RENDA FIXA: 39 fundos.
[02:57:19]   [PF] RENDA FIXA REFERENCIADO: 10 fundos.
[02:57:22]   [PF] RENDA FIXA CURTO PRAZO: 1 fundos.
[02:57:33]   [PF] MULTIMERCADO: 30 fundos.
[02:57:36]   [PF] CAMBIAL: 1 fundos.
[02:57:47]   [PF] ACOES: 29 fundos.
[02:57:50]   [PF] FUNDO DE INDICE: 1 fundos.
[02:57:56]   [PF] FUNDOS MUTUOS DE PRIVATIZACAO: 9 fundos.
[02:57:56] [PJ] Abrindo site...
[02:58:14]   [PJ] RENDA FIXA SIMPLES: 5 fundos.
[02:58:27]   [PJ] RENDA FIXA: 38 fundos.
[02:58:32]   [PJ] RENDA FIXA REFERENCIADO: 7 fundos.
[02:58:35]   [PJ] RENDA FIXA CURTO PRAZO: 2 fundos.
[02:58:45]   [PJ] MULTIMERCADO: 27 fundos.
[02:58:48]   [PJ] CAMBIAL: 1 fundos.
[02:58:58]   [PJ] ACOES: 28 fundos.
[02:58:59] [GOV] Abrindo site...
[02:59:15]   [GOV] RENDA FIXA: 2 fundos.
[02:59:18]   [GOV] RENDA FIXA REFERENCIADO: 3 fundos.
[02:59:22]   [GOV] RENDA FIXA CURTO PRAZO: 3 fundos.
[02:59:26]   [GOV] MULTIMERCADO: 6 fundos.
[02:59:30]   [GOV] ACOES: 4 fundos.
[02:59:30] [RPPS] Abrindo site...
[02:59:56]   [RPPS] RENDA FIXA: 19 fundos.
[03:00:00]   [RPPS] RENDA FIXA REFERENCIADO: 4 fundos.
[03:00:06]   [RPPS] MULTIMERCADO: 14 fundos.
[03:00:12]   [RPPS] ACOES: 14 fundos.
[03:00:13] [TODOS] Abrindo site...
[03:00:29]   [TODOS] RENDA FIXA SIMPLES: 2 fundos.
[03:00:44]   [TODOS] RENDA FIXA: 42 fundos.
[03:00:49]   [TODOS] RENDA FIXA REFERENCIADO: 8 fundos.
[03:00:52]   [TODOS] RENDA FIXA CURTO PRAZO: 3 fundos.
[03:00:59]   [TODOS] MULTIMERCADO: 14 fundos.
[03:01:02]   [TODOS] CAMBIAL: 1 fundos.
[03:01:11]   [TODOS] ACOES: 25 fundos.
[03:01:15]   [TODOS] FUNDO DE INDICE: 1 fundos.
[03:01:15] SUCESSO: 171 fundos consolidados salvos.
[15:01:09] INICIANDO ROBÔ SIPII v5 - GITHUB EDITION
[15:01:11] [PF] Abrindo site...
[15:01:27]   [PF] RENDA FIXA SIMPLES: 3 fundos.
[15:01:40]   [PF] RENDA FIXA: 39 fundos.
[15:01:44]   [PF] RENDA FIXA REFERENCIADO: 10 fundos.
[15:01:47]   [PF] RENDA FIXA CURTO PRAZO: 1 fundos.
[15:01:58]   [PF] MULTIMERCADO: 30 fundos.
[15:02:01]   [PF] CAMBIAL: 1 fundos.
[15:02:12]   [PF] ACOES: 29 fundos.
[15:02:15]   [PF] FUNDO DE INDICE: 1 fundos.
[15:02:20]   [PF] FUNDOS MUTUOS DE PRIVATIZACAO: 9 fundos.
[15:02:21] [PJ] Abrindo site...
[15:02:39]   [PJ] RENDA FIXA SIMPLES: 5 fundos.
[15:02:52]   [PJ] RENDA FIXA: 38 fundos.
[15:02:57]   [PJ] RENDA FIXA REFERENCIADO: 7 fundos.
[15:03:00]   [PJ] RENDA FIXA CURTO PRAZO: 2 fundos.
[15:03:10]   [PJ] MULTIMERCADO: 27 fundos.
[15:03:13]   [PJ] CAMBIAL: 1 fundos.
[15:03:24]   [PJ] ACOES: 28 fundos.
[15:03:24] [GOV] Abrindo site...
[15:03:40]   [GOV] RENDA FIXA: 2 fundos.
[15:03:44]   [GOV] RENDA FIXA REFERENCIADO: 3 fundos.
[15:03:47]   [GOV] RENDA FIXA CURTO PRAZO: 3 fundos.
[15:03:51]   [GOV] MULTIMERCADO: 6 fundos.
[15:03:55]   [GOV] ACOES: 4 fundos.
[15:03:55] [RPPS] Abrindo site...
[15:04:22]   [RPPS] RENDA FIXA: 19 fundos.
[15:04:25]   [RPPS] RENDA FIXA REFERENCIADO: 4 fundos.
[15:04:32]   [RPPS] MULTIMERCADO: 14 fundos.
[15:04:38]   [RPPS] ACOES: 14 fundos.
[15:04:38] [TODOS] Abrindo site...
[15:04:55]   [TODOS] RENDA FIXA SIMPLES: 2 fundos.
[15:05:10]   [TODOS] RENDA FIXA: 42 fundos.
[15:05:14]   [TODOS] RENDA FIXA REFERENCIADO: 8 fundos.
[15:05:18]   [TODOS] RENDA FIXA CURTO PRAZO: 3 fundos.
[15:05:24]   [TODOS] MULTIMERCADO: 14 fundos.
[15:05:27]   [TODOS] CAMBIAL: 1 fundos.
[15:05:37]   [TODOS] ACOES: 25 fundos.
[15:05:40]   [TODOS] FUNDO DE INDICE: 1 fundos.
[15:05:40] SUCESSO: 171 fundos consolidados salvos.
[16:19:44] INICIANDO ROBÔ SIPII v5 - GITHUB EDITION
[16:19:45] [PF] Abrindo site...
[16:20:04]   [PF] RENDA FIXA SIMPLES: 3 fundos.
[16:20:18]   [PF] RENDA FIXA: 39 fundos.
[16:20:24]   [PF] RENDA FIXA REFERENCIADO: 10 fundos.
[16:20:27]   [PF] RENDA FIXA CURTO PRAZO: 1 fundos.
[16:20:38]   [PF] MULTIMERCADO: 30 fundos.
[16:20:41]   [PF] CAMBIAL: 1 fundos.
[16:20:53]   [PF] ACOES: 29 fundos.
[16:20:57]   [PF] FUNDO DE INDICE: 1 fundos.
[16:21:03]   [PF] FUNDOS MUTUOS DE PRIVATIZACAO: 9 fundos.
[16:21:03] [PJ] Abrindo site...
[16:21:24]   [PJ] RENDA FIXA SIMPLES: 5 fundos.
[16:21:37]   [PJ] RENDA FIXA: 38 fundos.
[16:21:42]   [PJ] RENDA FIXA REFERENCIADO: 7 fundos.
[16:21:45]   [PJ] RENDA FIXA CURTO PRAZO: 2 fundos.
[16:21:56]   [PJ] MULTIMERCADO: 27 fundos.
[16:21:59]   [PJ] CAMBIAL: 1 fundos.
[16:22:11]   [PJ] ACOES: 28 fundos.
[16:22:11] [GOV] Abrindo site...
[16:22:30]   [GOV] RENDA FIXA: 2 fundos.
[16:22:34]   [GOV] RENDA FIXA REFERENCIADO: 3 fundos.
[16:22:37]   [GOV] RENDA FIXA CURTO PRAZO: 3 fundos.
[16:22:42]   [GOV] MULTIMERCADO: 6 fundos.
[16:22:45]   [GOV] ACOES: 4 fundos.
[16:22:46] [RPPS] Abrindo site...
[16:23:15]   [RPPS] RENDA FIXA: 19 fundos.
[16:23:19]   [RPPS] RENDA FIXA REFERENCIADO: 4 fundos.
[16:23:25]   [RPPS] MULTIMERCADO: 14 fundos.
[16:23:31]   [RPPS] ACOES: 14 fundos.
[16:23:32] [TODOS] Abrindo site...
[16:23:50]   [TODOS] RENDA FIXA SIMPLES: 2 fundos.
[16:24:05]   [TODOS] RENDA FIXA: 42 fundos.
[16:24:10]   [TODOS] RENDA FIXA REFERENCIADO: 8 fundos.
[16:24:13]   [TODOS] RENDA FIXA CURTO PRAZO: 3 fundos.
[16:24:20]   [TODOS] MULTIMERCADO: 14 fundos.
[16:24:23]   [TODOS] CAMBIAL: 1 fundos.
[16:24:33]   [TODOS] ACOES: 25 fundos.
[16:24:37]   [TODOS] FUNDO DE INDICE: 1 fundos.
[16:24:37] SUCESSO: 171 fundos consolidados salvos.
[14:55:14] INICIANDO ROBÔ SIPII v5 - GITHUB EDITION
[14:55:15] [PF] Abrindo site...
[14:55:36]   [PF] RENDA FIXA SIMPLES: 3 fundos.
[14:55:50]   [PF] RENDA FIXA: 39 fundos.
[14:55:56]   [PF] RENDA FIXA REFERENCIADO: 10 fundos.
[14:55:59]   [PF] RENDA FIXA CURTO PRAZO: 1 fundos.
[14:56:11]   [PF] MULTIMERCADO: 30 fundos.
[14:56:14]   [PF] CAMBIAL: 1 fundos.
[14:56:26]   [PF] ACOES: 29 fundos.
[14:56:29]   [PF] FUNDO DE INDICE: 1 fundos.
[14:56:35]   [PF] FUNDOS MUTUOS DE PRIVATIZACAO: 9 fundos.
[14:56:35] [PJ] Abrindo site...
[14:56:55]   [PJ] RENDA FIXA SIMPLES: 5 fundos.
[14:57:09]   [PJ] RENDA FIXA: 38 fundos.
[14:57:14]   [PJ] RENDA FIXA REFERENCIADO: 7 fundos.
[14:57:17]   [PJ] RENDA FIXA CURTO PRAZO: 2 fundos.
[14:57:28]   [PJ] MULTIMERCADO: 27 fundos.
[14:57:31]   [PJ] CAMBIAL: 1 fundos.
[14:57:43]   [PJ] ACOES: 28 fundos.
[14:57:43] [GOV] Abrindo site...
[14:58:02]   [GOV] RENDA FIXA: 2 fundos.
[14:58:05]   [GOV] RENDA FIXA REFERENCIADO: 3 fundos.
[14:58:09]   [GOV] RENDA FIXA CURTO PRAZO: 3 fundos.
[14:58:14]   [GOV] MULTIMERCADO: 6 fundos.
[14:58:17]   [GOV] ACOES: 4 fundos.
[14:58:18] [RPPS] Abrindo site...
[14:58:48]   [RPPS] RENDA FIXA: 19 fundos.
[14:58:53]   [RPPS] RENDA FIXA REFERENCIADO: 4 fundos.
[14:59:00]   [RPPS] MULTIMERCADO: 14 fundos.
[14:59:07]   [RPPS] ACOES: 14 fundos.
[14:59:08] [TODOS] Abrindo site...
[14:59:27]   [TODOS] RENDA FIXA SIMPLES: 2 fundos.
[14:59:42]   [TODOS] RENDA FIXA: 42 fundos.
[14:59:47]   [TODOS] RENDA FIXA REFERENCIADO: 8 fundos.
[14:59:51]   [TODOS] RENDA FIXA CURTO PRAZO: 3 fundos.
[14:59:58]   [TODOS] MULTIMERCADO: 14 fundos.
[15:00:01]   [TODOS] CAMBIAL: 1 fundos.
[15:00:11]   [TODOS] ACOES: 25 fundos.
[15:00:14]   [TODOS] FUNDO DE INDICE: 1 fundos.
[15:00:15] SUCESSO: 171 fundos consolidados salvos.
[16:09:57] INICIANDO ROBÔ SIPII v5 - GITHUB EDITION
[16:09:57] [PF] Abrindo site...
[16:10:20]   [PF] RENDA FIXA SIMPLES: 3 fundos.
[16:10:34]   [PF] RENDA FIXA: 39 fundos.
[16:10:40]   [PF] RENDA FIXA REFERENCIADO: 10 fundos.
[16:10:43]   [PF] RENDA FIXA CURTO PRAZO: 1 fundos.
[16:10:54]   [PF] MULTIMERCADO: 30 fundos.
[16:10:58]   [PF] CAMBIAL: 1 fundos.
[16:11:09]   [PF] ACOES: 29 fundos.
[16:11:12]   [PF] FUNDO DE INDICE: 1 fundos.
[16:11:18]   [PF] FUNDOS MUTUOS DE PRIVATIZACAO: 9 fundos.
[16:11:18] [PJ] Abrindo site...
[16:11:37]   [PJ] RENDA FIXA SIMPLES: 5 fundos.
[16:11:52]   [PJ] RENDA FIXA: 38 fundos.
[16:11:57]   [PJ] RENDA FIXA REFERENCIADO: 7 fundos.
[16:12:00]   [PJ] RENDA FIXA CURTO PRAZO: 2 fundos.
[16:12:11]   [PJ] MULTIMERCADO: 27 fundos.
[16:12:14]   [PJ] CAMBIAL: 1 fundos.
[16:12:25]   [PJ] ACOES: 28 fundos.
[16:12:25] [GOV] Abrindo site...
[16:12:43]   [GOV] RENDA FIXA: 2 fundos.
[16:12:46]   [GOV] RENDA FIXA REFERENCIADO: 3 fundos.
[16:12:50]   [GOV] RENDA FIXA CURTO PRAZO: 3 fundos.
[16:12:54]   [GOV] MULTIMERCADO: 6 fundos.
[16:12:58]   [GOV] ACOES: 4 fundos.
[16:12:58] [RPPS] Abrindo site...
[16:13:28]   [RPPS] RENDA FIXA: 19 fundos.
[16:13:32]   [RPPS] RENDA FIXA REFERENCIADO: 4 fundos.
[16:13:38]   [RPPS] MULTIMERCADO: 14 fundos.
[16:13:45]   [RPPS] ACOES: 14 fundos.
[16:13:45] [TODOS] Abrindo site...
[16:14:02]   [TODOS] RENDA FIXA SIMPLES: 2 fundos.
[16:14:17]   [TODOS] RENDA FIXA: 42 fundos.
[16:14:23]   [TODOS] RENDA FIXA REFERENCIADO: 8 fundos.
[16:14:26]   [TODOS] RENDA FIXA CURTO PRAZO: 3 fundos.
[16:14:33]   [TODOS] MULTIMERCADO: 14 fundos.
[16:14:36]   [TODOS] CAMBIAL: 1 fundos.
[16:14:47]   [TODOS] ACOES: 25 fundos.
[16:14:50]   [TODOS] FUNDO DE INDICE: 1 fundos.
[16:14:50] SUCESSO: 171 fundos consolidados salvos.
[16:29:46] INICIANDO ROBÔ SIPII v6 - GITHUB EDITION
[16:29:59] [PF] Abrindo site...
[16:30:20]   [PF] RENDA FIXA SIMPLES: 3 fundos.
[16:30:34]   [PF] RENDA FIXA: 39 fundos.
[16:30:39]   [PF] RENDA FIXA REFERENCIADO: 10 fundos.
[16:30:42]   [PF] RENDA FIXA CURTO PRAZO: 1 fundos.
[16:30:54]   [PF] MULTIMERCADO: 30 fundos.
[16:30:57]   [PF] CAMBIAL: 1 fundos.
[16:31:09]   [PF] ACOES: 29 fundos.
[16:31:12]   [PF] FUNDO DE INDICE: 1 fundos.
[16:31:18]   [PF] FUNDOS MUTUOS DE PRIVATIZACAO: 9 fundos.
[16:31:18] [PJ] Abrindo site...
[16:31:37]   [PJ] RENDA FIXA SIMPLES: 5 fundos.
[16:31:51]   [PJ] RENDA FIXA: 38 fundos.
[16:31:56]   [PJ] RENDA FIXA REFERENCIADO: 7 fundos.
[16:32:00]   [PJ] RENDA FIXA CURTO PRAZO: 2 fundos.
[16:32:11]   [PJ] MULTIMERCADO: 27 fundos.
[16:32:14]   [PJ] CAMBIAL: 1 fundos.
[16:32:26]   [PJ] ACOES: 28 fundos.
[16:32:26] [GOV] Abrindo site...
[16:32:42]   [GOV] RENDA FIXA: 2 fundos.
[16:32:46]   [GOV] RENDA FIXA REFERENCIADO: 3 fundos.
[16:32:49]   [GOV] RENDA FIXA CURTO PRAZO: 3 fundos.
[16:32:54]   [GOV] MULTIMERCADO: 6 fundos.
[16:32:57]   [GOV] ACOES: 4 fundos.
[16:32:58] [RPPS] Abrindo site...
[16:33:25]   [RPPS] RENDA FIXA: 19 fundos.
[16:33:29]   [RPPS] RENDA FIXA REFERENCIADO: 4 fundos.
[16:33:36]   [RPPS] MULTIMERCADO: 14 fundos.
[16:33:43]   [RPPS] ACOES: 14 fundos.
[16:33:43] [TODOS] Abrindo site...
[16:34:01]   [TODOS] RENDA FIXA SIMPLES: 2 fundos.
[16:34:17]   [TODOS] RENDA FIXA: 42 fundos.
[16:34:22]   [TODOS] RENDA FIXA REFERENCIADO: 8 fundos.
[16:34:26]   [TODOS] RENDA FIXA CURTO PRAZO: 3 fundos.
[16:34:33]   [TODOS] MULTIMERCADO: 14 fundos.
[16:34:36]   [TODOS] CAMBIAL: 1 fundos.
[16:34:47]   [TODOS] ACOES: 25 fundos.
[16:34:50]   [TODOS] FUNDO DE INDICE: 1 fundos.
[16:34:50] CSV salvo: /home/runner/work/catalogo-fundos-caixa/catalogo-fundos-caixa/dados_atuais.csv
[16:34:50] Excel salvo: /home/runner/work/catalogo-fundos-caixa/catalogo-fundos-caixa/sipii_caixa_20260428.xlsx
[16:34:50] SUCESSO: 171 fundos consolidados salvos.
